---
source: cubesql/src/compile/mod.rs
expression: "execute_query(\"SELECT information_schema._pg_numeric_precision(20, 1);\".to_string(),\n            DatabaseProtocol::PostgreSQL).await?"
---
+--------------------------------------------------------------+
| information_schema._pg_numeric_precision(Int64(20),Int64(1)) |
+--------------------------------------------------------------+
| 64                                                           |
+--------------------------------------------------------------+
