---
source: cubesql/src/compile/mod.rs
expression: "execute_query(\"SELECT information_schema._pg_numeric_precision(0, 10);\".to_string(),\n            DatabaseProtocol::PostgreSQL).await?"
---
+--------------------------------------------------------------+
| information_schema._pg_numeric_precision(Int64(0),Int64(10)) |
+--------------------------------------------------------------+
| NULL                                                         |
+--------------------------------------------------------------+
